
> typecheck
> react-router typegen && tsc --noEmit

adding `isbot@5` to your package.json, you should commit this change

up to date, audited 141 packages in 483ms

20 packages are looking for funding
  run `npm fund` for details

3 moderate severity vulnerabilities

Some issues need review, and may require choosing
a different dependency.

Run `npm audit` for details.
.react-router/types/+routes.ts(38,25): error TS2307: Cannot find module './src/root.tsx' or its corresponding type declarations.
.react-router/types/+routes.ts(39,32): error TS2307: Cannot find module './src/routes/home.tsx' or its corresponding type declarations.
.react-router/types/+routes.ts(40,32): error TS2307: Cannot find module './src/routes/book.tsx' or its corresponding type declarations.
.react-router/types/src/+types/root.ts(5,29): error TS2307: Cannot find module '../root.js' or its corresponding type declarations.
.react-router/types/src/+types/root.ts(14,25): error TS2307: Cannot find module '../root.js' or its corresponding type declarations.
.react-router/types/src/routes/+types/book.ts(5,29): error TS2307: Cannot find module '../book.js' or its corresponding type declarations.
.react-router/types/src/routes/+types/book.ts(14,25): error TS2307: Cannot find module '../../root.js' or its corresponding type declarations.
.react-router/types/src/routes/+types/book.ts(17,25): error TS2307: Cannot find module '../book.js' or its corresponding type declarations.
.react-router/types/src/routes/+types/home.ts(5,29): error TS2307: Cannot find module '../home.js' or its corresponding type declarations.
.react-router/types/src/routes/+types/home.ts(14,25): error TS2307: Cannot find module '../../root.js' or its corresponding type declarations.
.react-router/types/src/routes/+types/home.ts(17,25): error TS2307: Cannot find module '../home.js' or its corresponding type declarations.
src/root.tsx(1,32): error TS7016: Could not find a declaration file for module 'react'. '/home/runner/work/becoming-the-man/becoming-the-man/node_modules/react/index.js' implicitly has an 'any' type.
  Try `npm i --save-dev @types/react` if it exists or add a new declaration (.d.ts) file containing `declare module 'react';`
src/root.tsx(7,5): error TS7026: JSX element implicitly has type 'any' because no interface 'JSX.IntrinsicElements' exists.
src/root.tsx(7,5): error TS7016: Could not find a declaration file for module 'react/jsx-runtime'. '/home/runner/work/becoming-the-man/becoming-the-man/node_modules/react/jsx-runtime.js' implicitly has an 'any' type.
  Try `npm i --save-dev @types/react` if it exists or add a new declaration (.d.ts) file containing `declare module 'react/jsx-runtime';`
src/root.tsx(8,7): error TS7026: JSX element implicitly has type 'any' because no interface 'JSX.IntrinsicElements' exists.
src/root.tsx(9,9): error TS7026: JSX element implicitly has type 'any' because no interface 'JSX.IntrinsicElements' exists.
src/root.tsx(10,9): error TS7026: JSX element implicitly has type 'any' because no interface 'JSX.IntrinsicElements' exists.
src/root.tsx(13,7): error TS7026: JSX element implicitly has type 'any' because no interface 'JSX.IntrinsicElements' exists.
src/root.tsx(14,7): error TS7026: JSX element implicitly has type 'any' because no interface 'JSX.IntrinsicElements' exists.
src/root.tsx(18,7): error TS7026: JSX element implicitly has type 'any' because no interface 'JSX.IntrinsicElements' exists.
src/root.tsx(19,5): error TS7026: JSX element implicitly has type 'any' because no interface 'JSX.IntrinsicElements' exists.
src/routes/book.tsx(13,5): error TS7026: JSX element implicitly has type 'any' because no interface 'JSX.IntrinsicElements' exists.
src/routes/book.tsx(13,5): error TS7016: Could not find a declaration file for module 'react/jsx-runtime'. '/home/runner/work/becoming-the-man/becoming-the-man/node_modules/react/jsx-runtime.js' implicitly has an 'any' type.
  Try `npm i --save-dev @types/react` if it exists or add a new declaration (.d.ts) file containing `declare module 'react/jsx-runtime';`
src/routes/book.tsx(14,7): error TS7026: JSX element implicitly has type 'any' because no interface 'JSX.IntrinsicElements' exists.
src/routes/book.tsx(14,46): error TS7026: JSX element implicitly has type 'any' because no interface 'JSX.IntrinsicElements' exists.
src/routes/book.tsx(15,7): error TS7026: JSX element implicitly has type 'any' because no interface 'JSX.IntrinsicElements' exists.
src/routes/book.tsx(15,41): error TS7026: JSX element implicitly has type 'any' because no interface 'JSX.IntrinsicElements' exists.
src/routes/book.tsx(16,7): error TS7026: JSX element implicitly has type 'any' because no interface 'JSX.IntrinsicElements' exists.
src/routes/book.tsx(19,7): error TS7026: JSX element implicitly has type 'any' because no interface 'JSX.IntrinsicElements' exists.
src/routes/book.tsx(20,7): error TS7026: JSX element implicitly has type 'any' because no interface 'JSX.IntrinsicElements' exists.
src/routes/book.tsx(23,7): error TS7026: JSX element implicitly has type 'any' because no interface 'JSX.IntrinsicElements' exists.
src/routes/book.tsx(24,7): error TS7026: JSX element implicitly has type 'any' because no interface 'JSX.IntrinsicElements' exists.
src/routes/book.tsx(25,9): error TS7026: JSX element implicitly has type 'any' because no interface 'JSX.IntrinsicElements' exists.
src/routes/book.tsx(25,32): error TS7026: JSX element implicitly has type 'any' because no interface 'JSX.IntrinsicElements' exists.
src/routes/book.tsx(26,7): error TS7026: JSX element implicitly has type 'any' because no interface 'JSX.IntrinsicElements' exists.
src/routes/book.tsx(27,5): error TS7026: JSX element implicitly has type 'any' because no interface 'JSX.IntrinsicElements' exists.
src/routes/home.tsx(14,5): error TS7026: JSX element implicitly has type 'any' because no interface 'JSX.IntrinsicElements' exists.
src/routes/home.tsx(14,5): error TS7016: Could not find a declaration file for module 'react/jsx-runtime'. '/home/runner/work/becoming-the-man/becoming-the-man/node_modules/react/jsx-runtime.js' implicitly has an 'any' type.
  Try `npm i --save-dev @types/react` if it exists or add a new declaration (.d.ts) file containing `declare module 'react/jsx-runtime';`
src/routes/home.tsx(15,7): error TS7026: JSX element implicitly has type 'any' because no interface 'JSX.IntrinsicElements' exists.
src/routes/home.tsx(15,55): error TS7026: JSX element implicitly has type 'any' because no interface 'JSX.IntrinsicElements' exists.
src/routes/home.tsx(16,7): error TS7026: JSX element implicitly has type 'any' because no interface 'JSX.IntrinsicElements' exists.
src/routes/home.tsx(16,41): error TS7026: JSX element implicitly has type 'any' because no interface 'JSX.IntrinsicElements' exists.
src/routes/home.tsx(17,7): error TS7026: JSX element implicitly has type 'any' because no interface 'JSX.IntrinsicElements' exists.
src/routes/home.tsx(19,7): error TS7026: JSX element implicitly has type 'any' because no interface 'JSX.IntrinsicElements' exists.
src/routes/home.tsx(20,7): error TS7026: JSX element implicitly has type 'any' because no interface 'JSX.IntrinsicElements' exists.
src/routes/home.tsx(23,7): error TS7026: JSX element implicitly has type 'any' because no interface 'JSX.IntrinsicElements' exists.
src/routes/home.tsx(24,7): error TS7026: JSX element implicitly has type 'any' because no interface 'JSX.IntrinsicElements' exists.
src/routes/home.tsx(25,9): error TS7026: JSX element implicitly has type 'any' because no interface 'JSX.IntrinsicElements' exists.
src/routes/home.tsx(25,41): error TS7026: JSX element implicitly has type 'any' because no interface 'JSX.IntrinsicElements' exists.
src/routes/home.tsx(26,7): error TS7026: JSX element implicitly has type 'any' because no interface 'JSX.IntrinsicElements' exists.
src/routes/home.tsx(27,5): error TS7026: JSX element implicitly has type 'any' because no interface 'JSX.IntrinsicElements' exists.
tests/smoke/routes.test.tsx(1,38): error TS7016: Could not find a declaration file for module 'react-dom/server'. '/home/runner/work/becoming-the-man/becoming-the-man/node_modules/react-dom/server.node.js' implicitly has an 'any' type.
  Try `npm i --save-dev @types/react-dom` if it exists or add a new declaration (.d.ts) file containing `declare module 'react-dom/server';`
tests/smoke/routes.test.tsx(2,38): error TS2307: Cannot find module 'vitest' or its corresponding type declarations.
tests/smoke/routes.test.tsx(8,39): error TS7016: Could not find a declaration file for module 'react/jsx-runtime'. '/home/runner/work/becoming-the-man/becoming-the-man/node_modules/react/jsx-runtime.js' implicitly has an 'any' type.
  Try `npm i --save-dev @types/react` if it exists or add a new declaration (.d.ts) file containing `declare module 'react/jsx-runtime';`
vitest.config.ts(1,30): error TS2307: Cannot find module 'vitest/config' or its corresponding type declarations.
